best objective 0.9256 after 94 evaluations; The maximum number of function evaluations is exceeded.
  lam_u0           0.0130
  lam_u1           0.0154
  mu               0.8816
  kbar_max         0.0348
  km_max           6.7318
  tau_w            0.7831
  lam_f0           0.4239
  ybar_h           0.0624
  sd_kT            0.2723
  home_young_mult  1.7172
  nu_h             0.7222
  z_h              0.4638
  alpha_h          0.3010
  e_max            2.1817
  kappa_h_power    0.3560
  lam_f_ratio      0.8000
  E/pop                            model   0.7337  target   0.6200
  hours|E                          model   0.4149  target   0.4000
  share Lifecycle                  model   0.2888  target   0.3100
  share PT                         model   0.2671  target   0.2800
  share Career                     model   0.2567  target   0.1900
  share NiLF                       model   0.1875  target   0.2200
  quit/m exp                       model   0.0235  target   0.0226
  quit/m rec                       model   0.0162  target   0.0210
  dE/pop rec-exp (pts)             model  -0.9609  target  -1.7000
  wage gap (hourly ratio)          model   0.7485  target   0.7100
  sd log UE (women)                model   0.0638  target   0.0686
