best objective 0.1819 after 68 evaluations; The maximum number of function evaluations is exceeded.
  lam_u0           0.0130
  lam_u1           0.0154
  mu               1.5594
  kbar_max         0.0790
  km_max           6.5067
  tau_w            0.7996
  lam_f0           0.4323
  ybar_h           0.0075
  sd_kT            0.1154
  home_young_mult  2.5414
  nu_h             0.6265
  z_h              0.5004
  alpha_h          0.1601
  e_max            2.2580
  kappa_h_power    0.4462
  lam_f_ratio      0.8000
  lam_n0           0.0493
  lam_n_ratio      1.0009
  E/pop                            model   0.6619  target   0.6200
  hours|E                          model   0.4288  target   0.4000
  share Lifecycle                  model   0.3079  target   0.3100
  share PT                         model   0.2838  target   0.2800
  share Career                     model   0.1696  target   0.1900
  share NiLF                       model   0.2387  target   0.2200
  quit/m exp                       model   0.0254  target   0.0226
  quit/m rec                       model   0.0195  target   0.0210
  dE/pop rec-exp (pts)             model  -1.6437  target  -1.7000
  wage gap (hourly ratio)          model   0.7451  target   0.7100
  sd log UE (women)                model   0.0685  target   0.0686
  N->E/m exp                       model   0.0673  target   0.0530
  N->E/m rec                       model   0.0455  target   0.0524
