best objective 0.2599 after 74 evaluations; The maximum number of function evaluations is exceeded.
  mu               1.0191
  kbar_max         0.0243
  km_max           6.6335
  tau_w            0.7700
  lam_f0           0.4941
  lam_u0           0.0179
  lam_u1           0.0234
  ybar_h           0.0531
  sd_kT            0.2440
  home_young_mult  1.8361
  nu_h             0.7185
  z_h              0.4321
  alpha_h          0.3031
  e_max            2.1902
  kappa_h_power    0.2839
  lam_f_ratio      0.8000
  rho_kT           0.3307
  E/pop                            model   0.6593  target   0.6200
  hours|E                          model   0.4096  target   0.4000
  share Lifecycle                  model   0.3571  target   0.3100
  share PT                         model   0.2275  target   0.2800
  share Career                     model   0.1465  target   0.1900
  share NiLF                       model   0.2690  target   0.2200
  quit/m exp                       model   0.0350  target   0.0340
  quit/m rec                       model   0.0239  target   0.0280
  E->nonE/m exp                    model   0.0535  target   0.0500
  E->nonE/m rec                    model   0.0470  target   0.0480
  dE/pop rec-exp (pts)             model  -1.6130  target  -1.7000
  wage gap (hourly ratio)          model   0.7643  target   0.7100
  sd log UE (women)                model   0.0724  target   0.0686
