best objective 0.171 after 54 evaluations; The maximum number of function evaluations is exceeded.
  mu               0.9235
  kbar_max         0.0144
  km_max           6.8581
  tau_w            0.7393
  lam_f0           0.4317
  lam_u0           0.0182
  lam_u1           0.0213
  ybar_h           0.0641
  sd_kT            0.2775
  home_young_mult  1.7836
  nu_h             0.6925
  z_h              0.4504
  alpha_h          0.3172
  e_max            2.0846
  kappa_h_power    0.3498
  lam_f_ratio      0.8000
  E/pop                            model   0.6737  target   0.6200
  hours|E                          model   0.4077  target   0.4000
  share Lifecycle                  model   0.3085  target   0.3100
  share PT                         model   0.2590  target   0.2800
  share Career                     model   0.1673  target   0.1900
  share NiLF                       model   0.2652  target   0.2200
  quit/m exp                       model   0.0343  target   0.0340
  quit/m rec                       model   0.0227  target   0.0280
  E->nonE/m exp                    model   0.0530  target   0.0500
  E->nonE/m rec                    model   0.0440  target   0.0480
  dE/pop rec-exp (pts)             model  -1.6494  target  -1.7000
  wage gap (hourly ratio)          model   0.7308  target   0.7100
  sd log UE (women)                model   0.0686  target   0.0686
