best objective 1.1382 after 94 evaluations; The maximum number of function evaluations is exceeded.
  lam_u0           0.0130
  lam_u1           0.0154
  mu               0.9169
  kbar_max         0.0414
  km_max           6.7984
  tau_w            0.7891
  lam_f0           0.4326
  ybar_h           0.0629
  sd_kT            0.2748
  home_young_mult  1.7260
  nu_h             0.6940
  z_h              0.4643
  alpha_h          0.3132
  e_max            2.1816
  kappa_h_power    0.3528
  lam_f_ratio      0.8000
  E/pop                            model   0.7228  target   0.6200
  hours|E                          model   0.4121  target   0.4000
  share Lifecycle                  model   0.3108  target   0.3100
  share PT                         model   0.2677  target   0.2800
  share Career                     model   0.2188  target   0.1900
  share NiLF                       model   0.2027  target   0.2200
  quit/m exp                       model   0.0261  target   0.0226
  quit/m rec                       model   0.0184  target   0.0210
  dE/pop rec-exp (pts)             model  -0.7381  target  -1.7000
  wage gap (hourly ratio)          model   0.7494  target   0.7100
  sd log UE (women)                model   0.0629  target   0.0686
