best objective 0.1791 after 66 evaluations; The maximum number of function evaluations is exceeded.
  lam_u0           0.0130
  lam_u1           0.0154
  mu               1.4036
  kbar_max         0.0821
  km_max           6.5096
  tau_w            0.7487
  lam_f0           0.4584
  ybar_h           0.0052
  sd_kT            0.1563
  home_young_mult  2.6169
  nu_h             0.6299
  z_h              0.5116
  alpha_h          0.0919
  e_max            2.1474
  kappa_h_power    0.4398
  lam_f_ratio      0.8000
  E/pop                            model   0.6589  target   0.6200
  hours|E                          model   0.4186  target   0.4000
  share Lifecycle                  model   0.2919  target   0.3100
  share PT                         model   0.2737  target   0.2800
  share Career                     model   0.1833  target   0.1900
  share NiLF                       model   0.2510  target   0.2200
  quit/m exp                       model   0.0245  target   0.0226
  quit/m rec                       model   0.0179  target   0.0234
  dE/pop rec-exp (pts)             model  -1.6862  target  -1.7000
  wage gap (hourly ratio)          model   0.7030  target   0.7100
  sd log UE (women)                model   0.0740  target   0.0686
