best objective 0.1944 after 122 evaluations; The maximum number of function evaluations is exceeded.
  mu               1.5729
  kbar_max         0.0305
  km_max           8.2001
  tau_w            0.7845
  lam_f0           0.5042
  lam_u0           0.0194
  lam_u1           0.0185
  ybar_h           0.0311
  sd_kT            0.2392
  home_young_mult  2.5722
  nu_h             0.5354
  z_h              0.4904
  alpha_h          0.0515
  e_max            2.1507
  kappa_h_power    0.3851
  lam_f_ratio      0.8000
  E/pop                            model   0.6475  target   0.6200
  hours|E                          model   0.4227  target   0.4000
  share Lifecycle                  model   0.2898  target   0.3100
  share PT                         model   0.2335  target   0.2800
  share Career                     model   0.1862  target   0.1900
  share NiLF                       model   0.2904  target   0.2200
  quit/m exp                       model   0.0338  target   0.0340
  quit/m rec                       model   0.0254  target   0.0280
  E->nonE/m exp                    model   0.0535  target   0.0500
  E->nonE/m rec                    model   0.0439  target   0.0480
  dE/pop rec-exp (pts)             model  -1.7174  target  -1.7000
  wage gap (hourly ratio)          model   0.7354  target   0.7100
  sd log UE (women)                model   0.0631  target   0.0686
