best objective 0.1211 after 154 evaluations; The maximum number of function evaluations is exceeded.
  mu               1.5071
  kbar_max         0.0340
  km_max           8.3897
  tau_w            0.7747
  lam_f0           0.4850
  lam_u0           0.0190
  lam_u1           0.0215
  ybar_h           0.0388
  sd_kT            0.2428
  home_young_mult  2.6145
  nu_h             0.5194
  z_h              0.4833
  alpha_h          0.0905
  e_max            2.1389
  kappa_h_power    0.9955
  lam_f_ratio      0.8000
  E/pop                            model   0.6816  target   0.6200
  hours|E                          model   0.4093  target   0.4000
  share Lifecycle                  model   0.2798  target   0.3100
  share PT                         model   0.2815  target   0.2800
  share Career                     model   0.1758  target   0.1900
  share NiLF                       model   0.2629  target   0.2200
  quit/m exp                       model   0.0357  target   0.0340
  quit/m rec                       model   0.0270  target   0.0280
  E->nonE/m exp                    model   0.0551  target   0.0500
  E->nonE/m rec                    model   0.0485  target   0.0480
  dE/pop rec-exp (pts)             model  -1.6678  target  -1.7000
  wage gap (hourly ratio)          model   0.7124  target   0.7100
  sd log UE (women)                model   0.0630  target   0.0686
