best objective 0.3057 after 120 evaluations; The maximum number of function evaluations is exceeded.
  mu               1.4454
  kbar_max         0.0429
  km_max           6.8277
  tau_w            0.8325
  lam_f0           0.3461
  lam_u0           0.0199
  lam_u1           0.0196
  ybar_h           0.0661
  sd_kT            0.4191
  home_young_mult  2.2227
  nu_h             0.6006
  z_h              0.5102
  alpha_h          0.3601
  e_max            2.2011
  kappa_h_power    0.3906
  lam_f_ratio      0.8000
  E/pop                            model   0.6187  target   0.6200
  hours|E                          model   0.4404  target   0.4000
  share Lifecycle                  model   0.3123  target   0.3100
  share PT                         model   0.2408  target   0.2800
  share Career                     model   0.1654  target   0.1900
  share NiLF                       model   0.2815  target   0.2200
  quit/m exp                       model   0.0316  target   0.0340
  quit/m rec                       model   0.0231  target   0.0280
  E->nonE/m exp                    model   0.0517  target   0.0500
  E->nonE/m rec                    model   0.0429  target   0.0480
  dE/pop rec-exp (pts)             model  -1.7851  target  -1.7000
  wage gap (hourly ratio)          model   0.8239  target   0.7100
  sd log UE (women)                model   0.0767  target   0.0686
