baseline: gap -1.11 precaution 29% hoarding 48% both 71% dE -1.61 [425s]
job finding falls 5% in recessions (ratio 0.95): gap -0.70 precaution 37% hoarding 17% both 54% dE -0.28 [850s]
job finding falls 30% in recessions (ratio 0.70): gap -1.39 precaution 24% hoarding 58% both 77% dE -2.71 [1275s]
husband job loss x2.5 in recessions (data: x1.78): gap -1.28 precaution 39% hoarding 43% both 75% dE -0.93 [1698s]
husband job finding 0.20 in recessions (data: 0.28): gap -1.23 precaution 36% hoarding 40% both 74% dE -1.10 [2122s]
UI replacement 15% in recessions (ui_rec_mult 0.5): gap -1.11 precaution 29% hoarding 48% both 71% dE -1.61 [2545s]
UI replacement 15% always: gap -1.09 precaution 32% hoarding 51% both 72% dE -1.58 [2967s]
no assets: gap -1.28 precaution 42% hoarding 45% both 74% dE -1.20 [2998s]
risk aversion 3: gap -4.08 precaution 38% hoarding 35% both 70% dE +3.34 [3436s]
longer recessions (persistence 0.95): gap -1.28 precaution 25% hoarding 46% both 65% dE -2.30 [3859s]
# Precautionary labor supply versus job hoarding (`output/final_calib_v6_full.json`, parameters held fixed across variants)

Quit gap = recession minus expansion monthly quit rate, percentage points. Precaution share = fall in the gap when the husband's risk (job loss, job finding, recession UI cut) is made acyclical; hoarding share = fall when the wife's job-finding efficiency is made acyclical; both off = fall when both are; the remainder is the wage cut, the wife's own cyclical job loss and interactions.

| variant | E/pop | quit exp | quit rec | gap | precaution | hoarding | both off | dE base | dE acyc. husband |
|---|---|---|---|---|---|---|---|---|---|
| baseline | 0.659 | 0.0350 | 0.0239 | -1.11 | 29% | 48% | 71% | -1.61 | -2.93 |
| job finding falls 5% in recessions (ratio 0.95) | 0.661 | 0.0354 | 0.0284 | -0.70 | 37% | 17% | 54% | -0.28 | -1.46 |
| job finding falls 30% in recessions (ratio 0.70) | 0.658 | 0.0348 | 0.0209 | -1.39 | 24% | 58% | 77% | -2.71 | -4.17 |
| husband job loss x2.5 in recessions (data: x1.78) | 0.664 | 0.0345 | 0.0217 | -1.28 | 39% | 43% | 75% | -0.93 | -2.93 |
| husband job finding 0.20 in recessions (data: 0.28) | 0.664 | 0.0346 | 0.0223 | -1.23 | 36% | 40% | 74% | -1.10 | -2.93 |
| UI replacement 15% in recessions (ui_rec_mult 0.5) | 0.659 | 0.0350 | 0.0239 | -1.11 | 29% | 48% | 71% | -1.61 | -2.93 |
| UI replacement 15% always | 0.675 | 0.0324 | 0.0215 | -1.09 | 32% | 51% | 72% | -1.58 | -3.00 |
| no assets | 0.666 | 0.0331 | 0.0203 | -1.28 | 42% | 45% | 74% | -1.20 | -3.28 |
| risk aversion 3 | 0.533 | 0.0831 | 0.0422 | -4.08 | 38% | 35% | 70% | +3.34 | -1.77 |
| longer recessions (persistence 0.95) | 0.662 | 0.0347 | 0.0218 | -1.28 | 25% | 46% | 65% | -2.30 | -3.86 |
