1940 baseline: E 0.663 gap 0.705  [110s]
  1950: cost x1.500 tau x1.042 -> E 0.6301 (target 0.7126985850479306) gap 0.7941 (target 0.735)  [185s]
  1950: cost x1.760 tau x1.042 -> E 0.5900 (target 0.7126985850479306) gap 0.8013 (target 0.735)  [293s]
  1950: cost x1.500 tau x1.223 -> E 0.7347 (target 0.7126985850479306) gap 1.0150 (target 0.735)  [375s]
  1950: cost x0.839 tau x1.009 -> E 0.7158 (target 0.7126985850479306) gap 0.7465 (target 0.735)  [476s]
  1950: cost x0.825 tau x0.999 -> E 0.7122 (target 0.7126985850479306) gap 0.7357 (target 0.735)  [566s]
  1950: cost x0.820 tau x0.999 -> E 0.7127 (target 0.7126985850479306) gap 0.7351 (target 0.735)  [660s]
1950: cost x0.820, tau_w 0.750, |resid| 0.0002 after 6 evaluations
  1960: cost x1.500 tau x1.085 -> E 0.6692 (target 0.7526985850479305) gap 0.8624 (target 0.765)  [759s]
  1960: cost x1.760 tau x1.085 -> E 0.6319 (target 0.7526985850479305) gap 0.8698 (target 0.765)  [845s]
  1960: cost x1.500 tau x1.272 -> E 0.7637 (target 0.7526985850479305) gap 1.1127 (target 0.765)  [950s]
  1960: cost x0.721 tau x1.028 -> E 0.7570 (target 0.7526985850479305) gap 0.7896 (target 0.765)  [1040s]
  1960: cost x0.684 tau x1.007 -> E 0.7518 (target 0.7526985850479305) gap 0.7663 (target 0.765)  [1119s]
  1960: cost x0.674 tau x1.006 -> E 0.7528 (target 0.7526985850479305) gap 0.7651 (target 0.765)  [1209s]
  1960: cost x0.673 tau x1.006 -> E 0.7527 (target 0.7526985850479305) gap 0.7647 (target 0.765)  [1311s]
  1960: cost x0.674 tau x1.006 -> E 0.7527 (target 0.7526985850479305) gap 0.7648 (target 0.765)  [1401s]
1960: cost x0.674, tau_w 0.755, |resid| 0.0000 after 8 evaluations
  1970: cost x1.500 tau x1.070 -> E 0.6964 (target 0.7726985850479305) gap 0.9161 (target 0.755)  [1484s]
  1970: cost x1.760 tau x1.070 -> E 0.6573 (target 0.7726985850479305) gap 0.9222 (target 0.755)  [1572s]
  1970: cost x1.500 tau x1.256 -> E 0.7880 (target 0.7726985850479305) gap 1.1785 (target 0.755)  [1645s]
  1970: cost x0.663 tau x0.970 -> E 0.7671 (target 0.7726985850479305) gap 0.7883 (target 0.755)  [1723s]
  1970: cost x0.530 tau x0.944 -> E 0.7758 (target 0.7726985850479305) gap 0.7580 (target 0.755)  [1800s]
  1970: cost x0.542 tau x0.941 -> E 0.7722 (target 0.7726985850479305) gap 0.7548 (target 0.755)  [1876s]
  1970: cost x0.539 tau x0.941 -> E 0.7727 (target 0.7726985850479305) gap 0.7549 (target 0.755)  [1951s]
1970: cost x0.539, tau_w 0.707, |resid| 0.0000 after 7 evaluations
  1980: cost x1.500 tau x1.085 -> E 0.7072 (target 0.7626985850479305) gap 0.9421 (target 0.765)  [2025s]
  1980: cost x1.760 tau x1.085 -> E 0.6702 (target 0.7626985850479305) gap 0.9474 (target 0.765)  [2105s]
  1980: cost x1.500 tau x1.272 -> E 0.7957 (target 0.7626985850479305) gap 1.2142 (target 0.765)  [2179s]
  1980: cost x0.741 tau x0.973 -> E 0.7563 (target 0.7626985850479305) gap 0.7968 (target 0.765)  [2254s]
  1980: cost x0.605 tau x0.948 -> E 0.7670 (target 0.7626985850479305) gap 0.7691 (target 0.765)  [2335s]
  1980: cost x0.624 tau x0.944 -> E 0.7605 (target 0.7626985850479305) gap 0.7644 (target 0.765)  [2412s]
  1980: cost x0.612 tau x0.945 -> E 0.7624 (target 0.7626985850479305) gap 0.7647 (target 0.765)  [2486s]
  1980: cost x0.611 tau x0.945 -> E 0.7627 (target 0.7626985850479305) gap 0.7648 (target 0.765)  [2563s]
1980: cost x0.611, tau_w 0.709, |resid| 0.0000 after 8 evaluations
### Cohort accounting, refined: cost scale and tau_w solved jointly for employment and the wage gap

| cohort | 1940 | 1950 | 1960 | 1970 | 1980 |
|---|---|---|---|---|---|
| cost scale | 1.000 | 0.820 | 0.674 | 0.539 | 0.611 |
| tau_w | 0.751 | 0.750 | 0.755 | 0.707 | 0.709 |
| E/pop target | 0.6627 | 0.7127 | 0.7527 | 0.7727 | 0.7627 | (relative)
| gamma_e | 0.500 | 0.550 | 0.580 | 0.680 | 0.690 |
| E/pop | 0.6627 | 0.7127 | 0.7527 | 0.7727 | 0.7627 |
| hours|E | 0.4228 | 0.4377 | 0.4470 | 0.4488 | 0.4516 |
| quit/m exp | 0.0235 | 0.0190 | 0.0157 | 0.0150 | 0.0155 |
| quit/m rec | 0.0173 | 0.0141 | 0.0119 | 0.0114 | 0.0119 |
| E->nonE/m exp | 0.0368 | 0.0322 | 0.0290 | 0.0282 | 0.0287 |
| E->nonE/m rec | 0.0325 | 0.0294 | 0.0273 | 0.0268 | 0.0273 |
| dE/pop rec-exp (pts) | -1.6247 | -1.5223 | -1.6573 | -1.9051 | -1.8923 |
| wife share exp | 0.3227 | 0.3565 | 0.3836 | 0.3893 | 0.3905 |
| wife share rec | 0.3217 | 0.3547 | 0.3820 | 0.3879 | 0.3897 |
| wage gap (hourly ratio) | 0.7052 | 0.7351 | 0.7648 | 0.7549 | 0.7648 |
| share Lifecycle | 0.3017 | 0.2758 | 0.2479 | 0.1994 | 0.2175 |
| share PT | 0.2665 | 0.2881 | 0.2956 | 0.3015 | 0.2819 |
| share Career | 0.1892 | 0.2512 | 0.3100 | 0.3600 | 0.3533 |
| share NiLF | 0.2427 | 0.1848 | 0.1465 | 0.1392 | 0.1473 |
| cons drop at H job loss exp (%) | -7.3311 | -6.9828 | -6.6814 | -6.6650 | -6.6236 |
| cons drop at H job loss rec (%) | -10.1240 | -9.7377 | -9.4747 | -9.4992 | -9.5178 |

Elapsed 2563s.

