1940 baseline: E 0.683 gap 0.730  [67s]
  1950: cost x1.500 tau x1.042 -> E 0.6975 (target 0.7330868848893473) gap 0.8043 (target 0.761)  [137s]
  1950: cost x1.760 tau x1.042 -> E 0.6800 (target 0.7330868848893473) gap 0.7999 (target 0.761)  [209s]
  1950: cost x1.500 tau x1.223 -> E 0.8176 (target 0.7330868848893473) gap 1.0455 (target 0.761)  [278s]
  1950: cost x0.527 tau x0.997 -> E 0.7469 (target 0.7330868848893473) gap 0.7743 (target 0.761)  [353s]
  1950: cost x0.651 tau x0.988 -> E 0.7264 (target 0.7330868848893473) gap 0.7598 (target 0.761)  [432s]
  1950: cost x0.565 tau x0.987 -> E 0.7344 (target 0.7330868848893473) gap 0.7612 (target 0.761)  [509s]
  1950: cost x0.576 tau x0.987 -> E 0.7329 (target 0.7330868848893473) gap 0.7607 (target 0.761)  [583s]
1950: cost x0.576, tau_w 0.772, |resid| 0.0002 after 7 evaluations
  1960: cost x1.500 tau x1.085 -> E 0.7399 (target 0.7730868848893472) gap 0.8792 (target 0.792)  [652s]
  1960: cost x1.760 tau x1.085 -> E 0.7217 (target 0.7730868848893472) gap 0.8744 (target 0.792)  [725s]
  1960: cost x1.500 tau x1.272 -> E 0.8423 (target 0.7730868848893472) gap 1.1518 (target 0.792)  [796s]
  1960: cost x0.448 tau x1.011 -> E 0.7798 (target 0.7730868848893472) gap 0.8131 (target 0.792)  [868s]
  1960: cost x0.421 tau x0.993 -> E 0.7666 (target 0.7730868848893472) gap 0.7930 (target 0.792)  [941s]
  1960: cost x0.276 tau x0.988 -> E 0.7793 (target 0.7730868848893472) gap 0.7917 (target 0.792)  [1009s]
  1960: cost x0.344 tau x0.990 -> E 0.7723 (target 0.7730868848893472) gap 0.7915 (target 0.792)  [1080s]
  1960: cost x0.337 tau x0.990 -> E 0.7730 (target 0.7730868848893472) gap 0.7916 (target 0.792)  [1151s]
1960: cost x0.337, tau_w 0.774, |resid| 0.0001 after 8 evaluations
  1970: cost x1.500 tau x1.070 -> E 0.7602 (target 0.7930868848893472) gap 0.9333 (target 0.781)  [1228s]
  1970: cost x1.760 tau x1.070 -> E 0.7411 (target 0.7930868848893472) gap 0.9289 (target 0.781)  [1296s]
  1970: cost x1.500 tau x1.256 -> E 0.8533 (target 0.7930868848893472) gap 1.2239 (target 0.781)  [1368s]
  1970: cost x0.295 tau x0.960 -> E 0.7909 (target 0.7930868848893472) gap 0.8214 (target 0.781)  [1442s]
  1970: cost x0.002 tau x0.923 -> E 0.7990 (target 0.7930868848893472) gap 0.7807 (target 0.781)  [1518s]
  1970: cost x0.091 tau x0.926 -> E 0.7879 (target 0.7930868848893472) gap 0.7821 (target 0.781)  [1598s]
  1970: cost x0.049 tau x0.924 -> E 0.7924 (target 0.7930868848893472) gap 0.7813 (target 0.781)  [1671s]
  1970: cost x0.043 tau x0.924 -> E 0.7932 (target 0.7930868848893472) gap 0.7812 (target 0.781)  [1741s]
1970: cost x0.043, tau_w 0.723, |resid| 0.0002 after 8 evaluations
  1980: cost x1.500 tau x1.085 -> E 0.7732 (target 0.7830868848893472) gap 0.9615 (target 0.792)  [1812s]
  1980: cost x1.760 tau x1.085 -> E 0.7542 (target 0.7830868848893472) gap 0.9554 (target 0.792)  [1838s]
  1980: cost x1.500 tau x1.272 -> E 0.8609 (target 0.7830868848893472) gap 1.2629 (target 0.792)  [1910s]
  1980: cost x0.604 tau x0.966 -> E 0.7640 (target 0.7830868848893472) gap 0.8244 (target 0.792)  [1981s]
  1980: cost x0.025 tau x0.930 -> E 0.8047 (target 0.7830868848893472) gap 0.7943 (target 0.792)  [2056s]
  1980: cost x0.293 tau x0.934 -> E 0.7714 (target 0.7830868848893472) gap 0.7943 (target 0.792)  [2131s]
  1980: cost x0.199 tau x0.930 -> E 0.7814 (target 0.7830868848893472) gap 0.7921 (target 0.792)  [2204s]
  1980: cost x0.183 tau x0.930 -> E 0.7826 (target 0.7830868848893472) gap 0.7916 (target 0.792)  [2278s]
  1980: cost x0.177 tau x0.929 -> E 0.7833 (target 0.7830868848893472) gap 0.7915 (target 0.792)  [2347s]
  1980: cost x0.179 tau x0.930 -> E 0.7829 (target 0.7830868848893472) gap 0.7916 (target 0.792)  [2416s]
  1980: cost x0.178 tau x0.930 -> E 0.7832 (target 0.7830868848893472) gap 0.7915 (target 0.792)  [2492s]
  1980: cost x0.178 tau x0.930 -> E 0.7832 (target 0.7830868848893472) gap 0.7915 (target 0.792)  [2560s]
  1980: cost x0.179 tau x0.930 -> E 0.7830 (target 0.7830868848893472) gap 0.7916 (target 0.792)  [2633s]
1980: cost x0.178, tau_w 0.727, |resid| 0.0001 after 13 evaluations
### Cohort accounting, refined: cost scale and tau_w solved jointly for employment and the wage gap

| cohort | 1940 | 1950 | 1960 | 1970 | 1980 |
|---|---|---|---|---|---|
| cost scale | 1.000 | 0.576 | 0.337 | 0.043 | 0.178 |
| tau_w | 0.782 | 0.772 | 0.774 | 0.723 | 0.727 |
| E/pop target | 0.6831 | 0.7331 | 0.7731 | 0.7931 | 0.7831 | (relative)
| gamma_e | 0.500 | 0.550 | 0.580 | 0.680 | 0.690 |
| E/pop | 0.6831 | 0.7329 | 0.7730 | 0.7932 | 0.7832 |
| hours|E | 0.4116 | 0.4197 | 0.4289 | 0.4286 | 0.4289 |
| quit/m exp | 0.0354 | 0.0280 | 0.0215 | 0.0192 | 0.0207 |
| quit/m rec | 0.0235 | 0.0184 | 0.0139 | 0.0127 | 0.0137 |
| E->nonE/m exp | 0.0533 | 0.0459 | 0.0394 | 0.0371 | 0.0386 |
| E->nonE/m rec | 0.0449 | 0.0399 | 0.0353 | 0.0341 | 0.0351 |
| dE/pop rec-exp (pts) | -1.7584 | -2.1721 | -2.1847 | -2.6898 | -2.5412 |
| wife share exp | 0.3230 | 0.3532 | 0.3797 | 0.3843 | 0.3842 |
| wife share rec | 0.3330 | 0.3633 | 0.3899 | 0.3933 | 0.3944 |
| wage gap (hourly ratio) | 0.7299 | 0.7607 | 0.7916 | 0.7812 | 0.7915 |
| share Lifecycle | 0.3025 | 0.2385 | 0.1779 | 0.0912 | 0.1269 |
| share PT | 0.2550 | 0.2590 | 0.2625 | 0.2935 | 0.2650 |
| share Career | 0.1873 | 0.2950 | 0.3983 | 0.4581 | 0.4450 |
| share NiLF | 0.2552 | 0.2075 | 0.1613 | 0.1571 | 0.1631 |
| cons drop at H job loss exp (%) | -6.7332 | -6.4325 | -6.1450 | -6.1570 | -6.1662 |
| cons drop at H job loss rec (%) | -10.0754 | -9.8044 | -9.5545 | -9.6209 | -9.6249 |

Elapsed 2633s.

