1940 baseline: E 0.717 gap 0.743  [78s]
  1950: cost x1.500 tau x1.042 -> E 0.7116 (target 0.7671680432792827) gap 0.8196 (target 0.774)  [149s]
  1950: cost x1.760 tau x1.042 -> E 0.6831 (target 0.7671680432792827) gap 0.8196 (target 0.774)  [218s]
  1950: cost x1.500 tau x1.223 -> E 0.8184 (target 0.7671680432792827) gap 1.0608 (target 0.774)  [290s]
  1950: cost x0.809 tau x1.008 -> E 0.7692 (target 0.7671680432792827) gap 0.7906 (target 0.774)  [359s]
  1950: cost x0.752 tau x0.994 -> E 0.7662 (target 0.7671680432792827) gap 0.7750 (target 0.774)  [432s]
  1950: cost x0.739 tau x0.993 -> E 0.7675 (target 0.7671680432792827) gap 0.7744 (target 0.774)  [500s]
  1950: cost x0.741 tau x0.993 -> E 0.7670 (target 0.7671680432792827) gap 0.7742 (target 0.774)  [574s]
  1950: cost x0.740 tau x0.993 -> E 0.7672 (target 0.7671680432792827) gap 0.7742 (target 0.774)  [646s]
1950: cost x0.740, tau_w 0.774, |resid| 0.0001 after 8 evaluations
  1960: cost x1.500 tau x1.085 -> E 0.7496 (target 0.8071680432792826) gap 0.8952 (target 0.806)  [718s]
  1960: cost x1.760 tau x1.085 -> E 0.7249 (target 0.8071680432792826) gap 0.8929 (target 0.806)  [793s]
  1960: cost x1.500 tau x1.272 -> E 0.8426 (target 0.8071680432792826) gap 1.1686 (target 0.806)  [862s]
  1960: cost x0.544 tau x1.017 -> E 0.8329 (target 0.8071680432792826) gap 0.8296 (target 0.806)  [932s]
  1960: cost x0.743 tau x1.001 -> E 0.7865 (target 0.8071680432792826) gap 0.8043 (target 0.806)  [1004s]
  1960: cost x0.589 tau x1.000 -> E 0.8107 (target 0.8071680432792826) gap 0.8074 (target 0.806)  [1079s]
  1960: cost x0.605 tau x0.999 -> E 0.8072 (target 0.8071680432792826) gap 0.8057 (target 0.806)  [1156s]
  1960: cost x0.605 tau x0.998 -> E 0.8071 (target 0.8071680432792826) gap 0.8057 (target 0.806)  [1233s]
  1960: cost x0.604 tau x0.998 -> E 0.8072 (target 0.8071680432792826) gap 0.8056 (target 0.806)  [1311s]
1960: cost x0.605, tau_w 0.779, |resid| 0.0001 after 9 evaluations
  1970: cost x1.500 tau x1.070 -> E 0.7748 (target 0.8271680432792826) gap 0.9514 (target 0.795)  [1388s]
  1970: cost x1.760 tau x1.070 -> E 0.7507 (target 0.8271680432792826) gap 0.9482 (target 0.795)  [1468s]
  1970: cost x1.500 tau x1.256 -> E 0.8546 (target 0.8271680432792826) gap 1.2439 (target 0.795)  [1549s]
  1970: cost x0.440 tau x0.963 -> E 0.8508 (target 0.8271680432792826) gap 0.8344 (target 0.795)  [1630s]
  1970: cost x0.607 tau x0.936 -> E 0.7985 (target 0.8271680432792826) gap 0.7945 (target 0.795)  [1713s]
  1970: cost x0.319 tau x0.932 -> E 0.8507 (target 0.8271680432792826) gap 0.7972 (target 0.795)  [1797s]
  1970: cost x0.445 tau x0.933 -> E 0.8250 (target 0.8271680432792826) gap 0.7963 (target 0.795)  [1879s]
  1970: cost x0.431 tau x0.932 -> E 0.8272 (target 0.8271680432792826) gap 0.7954 (target 0.795)  [1960s]
  1970: cost x0.430 tau x0.931 -> E 0.8272 (target 0.8271680432792826) gap 0.7951 (target 0.795)  [2040s]
1970: cost x0.430, tau_w 0.726, |resid| 0.0000 after 9 evaluations
  1980: cost x1.500 tau x1.085 -> E 0.7882 (target 0.8171680432792826) gap 0.9782 (target 0.806)  [2119s]
  1980: cost x1.760 tau x1.085 -> E 0.7612 (target 0.8171680432792826) gap 0.9755 (target 0.806)  [2194s]
  1980: cost x1.500 tau x1.272 -> E 0.8595 (target 0.8171680432792826) gap 1.2846 (target 0.806)  [2269s]
  1980: cost x0.818 tau x0.974 -> E 0.7978 (target 0.8171680432792826) gap 0.8432 (target 0.806)  [2345s]
  1980: cost x0.450 tau x0.941 -> E 0.8355 (target 0.8171680432792826) gap 0.8129 (target 0.806)  [2416s]
  1980: cost x0.603 tau x0.938 -> E 0.8049 (target 0.8171680432792826) gap 0.8043 (target 0.806)  [2492s]
  1980: cost x0.537 tau x0.938 -> E 0.8161 (target 0.8171680432792826) gap 0.8056 (target 0.806)  [2564s]
  1980: cost x0.530 tau x0.938 -> E 0.8169 (target 0.8171680432792826) gap 0.8057 (target 0.806)  [2641s]
1980: cost x0.530, tau_w 0.731, |resid| 0.0003 after 8 evaluations
### Cohort accounting, refined: cost scale and tau_w solved jointly for employment and the wage gap

| cohort | 1940 | 1950 | 1960 | 1970 | 1980 |
|---|---|---|---|---|---|
| cost scale | 1.000 | 0.740 | 0.605 | 0.430 | 0.530 |
| tau_w | 0.780 | 0.774 | 0.779 | 0.726 | 0.731 |
| E/pop target | 0.7172 | 0.7672 | 0.8072 | 0.8272 | 0.8172 | (relative)
| gamma_e | 0.500 | 0.550 | 0.580 | 0.680 | 0.690 |
| E/pop | 0.7172 | 0.7672 | 0.8071 | 0.8272 | 0.8169 |
| hours|E | 0.4035 | 0.4133 | 0.4206 | 0.4181 | 0.4201 |
| quit/m exp | 0.0267 | 0.0208 | 0.0158 | 0.0140 | 0.0150 |
| quit/m rec | 0.0181 | 0.0140 | 0.0105 | 0.0094 | 0.0101 |
| E->nonE/m exp | 0.0400 | 0.0341 | 0.0291 | 0.0272 | 0.0283 |
| E->nonE/m rec | 0.0333 | 0.0294 | 0.0259 | 0.0248 | 0.0256 |
| dE/pop rec-exp (pts) | -1.6454 | -1.9323 | -1.8889 | -2.2051 | -2.1012 |
| wife share exp | 0.3333 | 0.3639 | 0.3888 | 0.3921 | 0.3928 |
| wife share rec | 0.3414 | 0.3715 | 0.3963 | 0.3992 | 0.4004 |
| wage gap (hourly ratio) | 0.7429 | 0.7742 | 0.8057 | 0.7951 | 0.8057 |
| share Lifecycle | 0.2963 | 0.2454 | 0.1958 | 0.1223 | 0.1562 |
| share PT | 0.2896 | 0.3094 | 0.3219 | 0.3446 | 0.3231 |
| share Career | 0.2029 | 0.2917 | 0.3725 | 0.4244 | 0.4079 |
| share NiLF | 0.2112 | 0.1535 | 0.1098 | 0.1087 | 0.1127 |
| cons drop at H job loss exp (%) | -6.1281 | -5.8310 | -5.5526 | -5.5920 | -5.5667 |
| cons drop at H job loss rec (%) | -9.9832 | -9.6705 | -9.4451 | -9.5269 | -9.4409 |

Elapsed 2641s.

