1940 baseline: E 0.676 gap 0.712  [70s]
  1950: cost x1.500 tau x1.042 -> E 0.6902 (target 0.7263469880869947) gap 0.7916 (target 0.742)  [138s]
  1950: cost x1.760 tau x1.042 -> E 0.6798 (target 0.7263469880869947) gap 0.7894 (target 0.742)  [207s]
  1950: cost x1.500 tau x1.223 -> E 0.7953 (target 0.7263469880869947) gap 1.0315 (target 0.742)  [277s]
  1950: cost x0.000 tau x0.995 -> E 0.7286 (target 0.7263469880869947) gap 0.7542 (target 0.742)  [348s]
  1950: cost x0.000 tau x0.983 -> E 0.7223 (target 0.7263469880869947) gap 0.7409 (target 0.742)  [417s]
  1950: cost x0.000 tau x0.983 -> E 0.7218 (target 0.7263469880869947) gap 0.7404 (target 0.742)  [487s]
  1950: cost x1.569 tau x0.982 -> E 0.6544 (target 0.7263469880869947) gap 0.7171 (target 0.742)  [556s]
  1950: cost x0.000 tau x1.154 -> E 0.8316 (target 0.7263469880869947) gap 0.9490 (target 0.742)  [626s]
  1950: cost x0.965 tau x0.985 -> E 0.6819 (target 0.7263469880869947) gap 0.7280 (target 0.742)  [695s]
  1950: cost x0.000 tau x0.983 -> E 0.7217 (target 0.7263469880869947) gap 0.7400 (target 0.742)  [766s]
  1950: cost x0.097 tau x0.985 -> E 0.7190 (target 0.7263469880869947) gap 0.7410 (target 0.742)  [836s]
  1950: cost x0.000 tau x0.984 -> E 0.7229 (target 0.7263469880869947) gap 0.7418 (target 0.742)  [909s]
  1950: cost x0.000 tau x0.986 -> E 0.7235 (target 0.7263469880869947) gap 0.7432 (target 0.742)  [980s]
  1950: cost x0.000 tau x0.985 -> E 0.7233 (target 0.7263469880869947) gap 0.7430 (target 0.742)  [1053s]
  1950: cost x0.000 tau x0.986 -> E 0.7235 (target 0.7263469880869947) gap 0.7431 (target 0.742)  [1124s]
  1950: cost x0.000 tau x1.156 -> E 0.8325 (target 0.7263469880869947) gap 0.9521 (target 0.742)  [1196s]
  1950: cost x0.000 tau x0.986 -> E 0.7235 (target 0.7263469880869947) gap 0.7433 (target 0.742)  [1267s]
1950: cost x0.000, tau_w 0.770, |resid| 0.0035 after 17 evaluations
  1960: cost x1.500 tau x1.085 -> E 0.7214 (target 0.7663469880869946) gap 0.8680 (target 0.772)  [1338s]
  1960: cost x1.760 tau x1.085 -> E 0.7103 (target 0.7663469880869946) gap 0.8648 (target 0.772)  [1411s]
  1960: cost x1.500 tau x1.272 -> E 0.8234 (target 0.7663469880869946) gap 1.1349 (target 0.772)  [1482s]
  1960: cost x0.000 tau x0.998 -> E 0.7442 (target 0.7663469880869946) gap 0.7766 (target 0.772)  [1553s]
  1960: cost x0.000 tau x0.988 -> E 0.7340 (target 0.7663469880869946) gap 0.7654 (target 0.772)  [1626s]
  1960: cost x2.932 tau x1.017 -> E 0.6262 (target 0.7663469880869946) gap 0.7739 (target 0.772)  [1699s]
  1960: cost x0.000 tau x1.171 -> E 0.8495 (target 0.7663469880869946) gap 0.9970 (target 0.772)  [1772s]
  1960: cost x1.175 tau x1.002 -> E 0.6895 (target 0.7663469880869946) gap 0.7657 (target 0.772)  [1844s]
  1960: cost x0.000 tau x0.989 -> E 0.7346 (target 0.7663469880869946) gap 0.7671 (target 0.772)  [1915s]
  1960: cost x0.000 tau x1.004 -> E 0.7488 (target 0.7663469880869946) gap 0.7837 (target 0.772)  [1987s]
  1960: cost x0.000 tau x1.003 -> E 0.7477 (target 0.7663469880869946) gap 0.7816 (target 0.772)  [2057s]
  1960: cost x0.000 tau x1.003 -> E 0.7482 (target 0.7663469880869946) gap 0.7824 (target 0.772)  [2127s]
  1960: cost x0.000 tau x1.004 -> E 0.7487 (target 0.7663469880869946) gap 0.7833 (target 0.772)  [2198s]
  1960: cost x0.000 tau x1.177 -> E 0.8517 (target 0.7663469880869946) gap 1.0052 (target 0.772)  [2269s]
  1960: cost x0.000 tau x1.002 -> E 0.7474 (target 0.7663469880869946) gap 0.7807 (target 0.772)  [2339s]
  1960: cost x0.000 tau x1.002 -> E 0.7474 (target 0.7663469880869946) gap 0.7808 (target 0.772)  [2410s]
  1960: cost x0.000 tau x1.002 -> E 0.7475 (target 0.7663469880869946) gap 0.7813 (target 0.772)  [2481s]
1960: cost x0.000, tau_w 0.781, |resid| 0.0268 after 17 evaluations
  1970: cost x1.500 tau x1.070 -> E 0.7435 (target 0.7863469880869947) gap 0.9221 (target 0.762)  [2551s]
  1970: cost x1.760 tau x1.070 -> E 0.7304 (target 0.7863469880869947) gap 0.9196 (target 0.762)  [2624s]
  1970: cost x1.500 tau x1.256 -> E 0.8373 (target 0.7863469880869947) gap 1.2063 (target 0.762)  [2696s]
  1970: cost x0.000 tau x0.953 -> E 0.7456 (target 0.7863469880869947) gap 0.7849 (target 0.762)  [2768s]
  1970: cost x0.000 tau x0.924 -> E 0.7202 (target 0.7863469880869947) gap 0.7504 (target 0.762)  [2838s]
  1970: cost x0.000 tau x0.933 -> E 0.7261 (target 0.7863469880869947) gap 0.7610 (target 0.762)  [2909s]
  1970: cost x0.000 tau x1.118 -> E 0.8472 (target 0.7863469880869947) gap 1.0051 (target 0.762)  [2981s]
  1970: cost x1.575 tau x0.950 -> E 0.6663 (target 0.7863469880869947) gap 0.7595 (target 0.762)  [3051s]
  1970: cost x0.000 tau x0.949 -> E 0.7399 (target 0.7863469880869947) gap 0.7812 (target 0.762)  [3121s]
  1970: cost x0.000 tau x0.958 -> E 0.7495 (target 0.7863469880869947) gap 0.7915 (target 0.762)  [3191s]
  1970: cost x0.000 tau x0.954 -> E 0.7463 (target 0.7863469880869947) gap 0.7861 (target 0.762)  [3262s]
  1970: cost x0.251 tau x0.953 -> E 0.7281 (target 0.7863469880869947) gap 0.7826 (target 0.762)  [3333s]
  1970: cost x0.000 tau x1.119 -> E 0.8474 (target 0.7863469880869947) gap 1.0066 (target 0.762)  [3405s]
  1970: cost x0.000 tau x0.950 -> E 0.7410 (target 0.7863469880869947) gap 0.7826 (target 0.762)  [3476s]
  1970: cost x0.000 tau x0.956 -> E 0.7474 (target 0.7863469880869947) gap 0.7881 (target 0.762)  [3546s]
1970: cost x0.000, tau_w 0.730, |resid| 0.0612 after 15 evaluations
  1980: cost x1.500 tau x1.085 -> E 0.7562 (target 0.7763469880869946) gap 0.9483 (target 0.772)  [3617s]
  1980: cost x1.760 tau x1.085 -> E 0.7430 (target 0.7763469880869946) gap 0.9469 (target 0.772)  [3689s]
  1980: cost x1.500 tau x1.272 -> E 0.8441 (target 0.7763469880869946) gap 1.2455 (target 0.772)  [3759s]
  1980: cost x0.027 tau x0.968 -> E 0.7570 (target 0.7763469880869946) gap 0.8097 (target 0.772)  [3828s]
  1980: cost x0.000 tau x0.933 -> E 0.7306 (target 0.7763469880869946) gap 0.7680 (target 0.772)  [3898s]
  1980: cost x0.000 tau x0.926 -> E 0.7245 (target 0.7763469880869946) gap 0.7592 (target 0.772)  [3969s]
  1980: cost x0.032 tau x0.968 -> E 0.7567 (target 0.7763469880869946) gap 0.8097 (target 0.772)  [4040s]
  1980: cost x0.027 tau x1.136 -> E 0.8569 (target 0.7763469880869946) gap 1.0371 (target 0.772)  [4110s]
  1980: cost x0.000 tau x0.934 -> E 0.7311 (target 0.7763469880869946) gap 0.7693 (target 0.772)  [4180s]
  1980: cost x0.000 tau x0.950 -> E 0.7462 (target 0.7763469880869946) gap 0.7867 (target 0.772)  [4253s]
  1980: cost x0.000 tau x0.937 -> E 0.7334 (target 0.7763469880869946) gap 0.7721 (target 0.772)  [4327s]
  1980: cost x0.000 tau x0.953 -> E 0.7486 (target 0.7763469880869946) gap 0.7913 (target 0.772)  [4400s]
  1980: cost x0.000 tau x1.114 -> E 0.8473 (target 0.7763469880869946) gap 1.0072 (target 0.772)  [4472s]
  1980: cost x0.000 tau x0.949 -> E 0.7452 (target 0.7763469880869946) gap 0.7862 (target 0.772)  [4546s]
  1980: cost x0.000 tau x0.948 -> E 0.7445 (target 0.7763469880869946) gap 0.7853 (target 0.772)  [4621s]
  1980: cost x0.000 tau x0.950 -> E 0.7461 (target 0.7763469880869946) gap 0.7866 (target 0.772)  [4694s]
  1980: cost x0.000 tau x0.950 -> E 0.7462 (target 0.7763469880869946) gap 0.7868 (target 0.772)  [4766s]
1980: cost x0.000, tau_w 0.733, |resid| 0.0431 after 17 evaluations
### Cohort accounting, refined: cost scale and tau_w solved jointly for employment and the wage gap

| cohort | 1940 | 1950 | 1960 | 1970 | 1980 |
|---|---|---|---|---|---|
| cost scale | 1.000 | 0.000 (corner) | 0.000 (corner) | 0.000 (corner) | 0.000 (corner) |
| tau_w | 0.782 | 0.770 | 0.781 | 0.730 | 0.733 |
| E/pop target | 0.6763 | 0.7263 | 0.7663 | 0.7863 | 0.7763 | (relative)
| gamma_e | 0.500 | 0.550 | 0.580 | 0.680 | 0.690 |
| E/pop | 0.6763 | 0.7229 | 0.7442 | 0.7261 | 0.7334 |
| hours|E | 0.4134 | 0.4305 | 0.4413 | 0.4404 | 0.4431 |
| quit/m exp | 0.0333 | 0.0267 | 0.0233 | 0.0262 | 0.0251 |
| quit/m rec | 0.0253 | 0.0198 | 0.0171 | 0.0196 | 0.0188 |
| E->nonE/m exp | 0.0531 | 0.0465 | 0.0431 | 0.0460 | 0.0449 |
| E->nonE/m rec | 0.0457 | 0.0402 | 0.0372 | 0.0398 | 0.0390 |
| dE/pop rec-exp (pts) | -1.6658 | -1.8941 | -1.5777 | -1.9381 | -2.0109 |
| wife share exp | 0.3273 | 0.3614 | 0.3847 | 0.3760 | 0.3827 |
| wife share rec | 0.3279 | 0.3620 | 0.3834 | 0.3750 | 0.3820 |
| wage gap (hourly ratio) | 0.7118 | 0.7418 | 0.7766 | 0.7610 | 0.7721 |
| share Lifecycle | 0.3056 | 0.2233 | 0.2254 | 0.2160 | 0.2075 |
| share PT | 0.2727 | 0.2625 | 0.2667 | 0.2427 | 0.2512 |
| share Career | 0.1748 | 0.3077 | 0.3298 | 0.3273 | 0.3369 |
| share NiLF | 0.2469 | 0.2065 | 0.1781 | 0.2140 | 0.2044 |
| cons drop at H job loss exp (%) | -7.0656 | -6.8671 | -6.6470 | -6.7765 | -6.7071 |
| cons drop at H job loss rec (%) | -10.0996 | -9.9686 | -9.7581 | -9.9545 | -9.8303 |

Elapsed 4766s.

