1940 baseline: E 0.682 gap 0.712  [73s]
  1950: cost x1.500 tau x1.042 -> E 0.6889 (target 0.7316369551642392) gap 0.7872 (target 0.742)  [139s]
  1950: cost x1.760 tau x1.042 -> E 0.6743 (target 0.7316369551642392) gap 0.7842 (target 0.742)  [203s]
  1950: cost x1.500 tau x1.223 -> E 0.7845 (target 0.7316369551642392) gap 1.0190 (target 0.742)  [271s]
  1950: cost x0.313 tau x0.997 -> E 0.7389 (target 0.7316369551642392) gap 0.7648 (target 0.742)  [338s]
  1950: cost x0.268 tau x0.975 -> E 0.7300 (target 0.7316369551642392) gap 0.7405 (target 0.742)  [410s]
  1950: cost x0.253 tau x0.976 -> E 0.7319 (target 0.7316369551642392) gap 0.7427 (target 0.742)  [476s]
  1950: cost x0.256 tau x0.976 -> E 0.7316 (target 0.7316369551642392) gap 0.7424 (target 0.742)  [544s]
1950: cost x0.256, tau_w 0.756, |resid| 0.0001 after 7 evaluations
  1960: cost x1.500 tau x1.085 -> E 0.7192 (target 0.7716369551642391) gap 0.8595 (target 0.773)  [610s]
  1960: cost x1.760 tau x1.085 -> E 0.7051 (target 0.7716369551642391) gap 0.8562 (target 0.773)  [678s]
  1960: cost x1.500 tau x1.272 -> E 0.8147 (target 0.7716369551642391) gap 1.1180 (target 0.773)  [743s]
  1960: cost x0.000 tau x1.005 -> E 0.7849 (target 0.7716369551642391) gap 0.8043 (target 0.773)  [810s]
  1960: cost x0.000 tau x0.978 -> E 0.7653 (target 0.7716369551642391) gap 0.7732 (target 0.773)  [876s]
  1960: cost x0.000 tau x0.975 -> E 0.7630 (target 0.7716369551642391) gap 0.7697 (target 0.773)  [941s]
  1960: cost x0.000 tau x0.975 -> E 0.7631 (target 0.7716369551642391) gap 0.7698 (target 0.773)  [1009s]
  1960: cost x0.000 tau x1.147 -> E 0.8650 (target 0.7716369551642391) gap 0.9802 (target 0.773)  [1078s]
  1960: cost x0.184 tau x0.980 -> E 0.7468 (target 0.7716369551642391) gap 0.7690 (target 0.773)  [1148s]
  1960: cost x0.000 tau x0.975 -> E 0.7634 (target 0.7716369551642391) gap 0.7705 (target 0.773)  [1216s]
  1960: cost x0.000 tau x0.980 -> E 0.7666 (target 0.7716369551642391) gap 0.7750 (target 0.773)  [1283s]
  1960: cost x0.000 tau x0.981 -> E 0.7674 (target 0.7716369551642391) gap 0.7764 (target 0.773)  [1347s]
  1960: cost x0.000 tau x0.980 -> E 0.7670 (target 0.7716369551642391) gap 0.7757 (target 0.773)  [1412s]
1960: cost x0.000, tau_w 0.758, |resid| 0.0070 after 13 evaluations
  1970: cost x1.500 tau x1.070 -> E 0.7371 (target 0.7916369551642392) gap 0.9129 (target 0.763)  [1479s]
  1970: cost x1.760 tau x1.070 -> E 0.7230 (target 0.7916369551642392) gap 0.9083 (target 0.763)  [1550s]
  1970: cost x1.500 tau x1.256 -> E 0.8284 (target 0.7916369551642392) gap 1.1862 (target 0.763)  [1617s]
  1970: cost x0.000 tau x0.942 -> E 0.7739 (target 0.7916369551642392) gap 0.7934 (target 0.763)  [1682s]
  1970: cost x0.000 tau x0.906 -> E 0.7469 (target 0.7916369551642392) gap 0.7503 (target 0.763)  [1750s]
  1970: cost x0.000 tau x0.892 -> E 0.7366 (target 0.7916369551642392) gap 0.7337 (target 0.763)  [1818s]
  1970: cost x0.000 tau x1.106 -> E 0.8669 (target 0.7916369551642392) gap 1.0038 (target 0.763)  [1883s]
  1970: cost x1.345 tau x0.928 -> E 0.6639 (target 0.7916369551642392) gap 0.7300 (target 0.763)  [1949s]
  1970: cost x0.000 tau x0.914 -> E 0.7519 (target 0.7916369551642392) gap 0.7592 (target 0.763)  [2010s]
  1970: cost x0.000 tau x0.931 -> E 0.7655 (target 0.7916369551642392) gap 0.7804 (target 0.763)  [2084s]
  1970: cost x0.000 tau x0.923 -> E 0.7589 (target 0.7916369551642392) gap 0.7708 (target 0.763)  [2150s]
  1970: cost x0.000 tau x0.932 -> E 0.7658 (target 0.7916369551642392) gap 0.7815 (target 0.763)  [2224s]
  1970: cost x0.000 tau x1.093 -> E 0.8623 (target 0.7916369551642392) gap 0.9852 (target 0.763)  [2295s]
  1970: cost x0.000 tau x0.928 -> E 0.7627 (target 0.7916369551642392) gap 0.7763 (target 0.763)  [2360s]
  1970: cost x0.000 tau x0.928 -> E 0.7627 (target 0.7916369551642392) gap 0.7763 (target 0.763)  [2428s]
  1970: cost x0.000 tau x0.930 -> E 0.7644 (target 0.7916369551642392) gap 0.7786 (target 0.763)  [2494s]
  1970: cost x0.000 tau x0.932 -> E 0.7655 (target 0.7916369551642392) gap 0.7809 (target 0.763)  [2564s]
  1970: cost x0.000 tau x0.930 -> E 0.7644 (target 0.7916369551642392) gap 0.7784 (target 0.763)  [2630s]
  1970: cost x0.000 tau x0.930 -> E 0.7647 (target 0.7916369551642392) gap 0.7790 (target 0.763)  [2681s]
  1970: cost x0.000 tau x0.929 -> E 0.7641 (target 0.7916369551642392) gap 0.7782 (target 0.763)  [2718s]
1970: cost x0.000, tau_w 0.715, |resid| 0.0411 after 20 evaluations
  1980: cost x1.500 tau x1.085 -> E 0.7481 (target 0.7816369551642391) gap 0.9384 (target 0.773)  [2755s]
  1980: cost x1.760 tau x1.085 -> E 0.7321 (target 0.7816369551642391) gap 0.9346 (target 0.773)  [2793s]
  1980: cost x1.500 tau x1.272 -> E 0.8356 (target 0.7816369551642391) gap 1.2235 (target 0.773)  [2830s]
  1980: cost x0.017 tau x0.961 -> E 0.7922 (target 0.7816369551642391) gap 0.8208 (target 0.773)  [2868s]
  1980: cost x0.000 tau x0.919 -> E 0.7593 (target 0.7816369551642391) gap 0.7719 (target 0.773)  [2905s]
  1980: cost x0.000 tau x0.911 -> E 0.7529 (target 0.7816369551642391) gap 0.7626 (target 0.773)  [2942s]
  1980: cost x0.000 tau x0.913 -> E 0.7546 (target 0.7816369551642391) gap 0.7648 (target 0.773)  [2980s]
  1980: cost x0.000 tau x1.078 -> E 0.8577 (target 0.7816369551642391) gap 0.9738 (target 0.773)  [3019s]
  1980: cost x1.632 tau x0.926 -> E 0.6452 (target 0.7816369551642391) gap 0.7312 (target 0.773)  [3055s]
  1980: cost x0.000 tau x0.910 -> E 0.7525 (target 0.7816369551642391) gap 0.7612 (target 0.773)  [3093s]
  1980: cost x0.000 tau x0.924 -> E 0.7634 (target 0.7816369551642391) gap 0.7780 (target 0.773)  [3130s]
  1980: cost x0.000 tau x0.927 -> E 0.7658 (target 0.7816369551642391) gap 0.7812 (target 0.773)  [3167s]
  1980: cost x0.000 tau x0.928 -> E 0.7660 (target 0.7816369551642391) gap 0.7821 (target 0.773)  [3204s]
  1980: cost x0.364 tau x0.928 -> E 0.7327 (target 0.7816369551642391) gap 0.7693 (target 0.773)  [3242s]
  1980: cost x0.000 tau x1.087 -> E 0.8618 (target 0.7816369551642391) gap 0.9861 (target 0.773)  [3279s]
  1980: cost x0.150 tau x0.926 -> E 0.7485 (target 0.7816369551642391) gap 0.7746 (target 0.773)  [3316s]
  1980: cost x0.000 tau x0.927 -> E 0.7658 (target 0.7816369551642391) gap 0.7814 (target 0.773)  [3354s]
  1980: cost x0.000 tau x0.927 -> E 0.7658 (target 0.7816369551642391) gap 0.7811 (target 0.773)  [3391s]
  1980: cost x0.096 tau x0.927 -> E 0.7552 (target 0.7816369551642391) gap 0.7784 (target 0.773)  [3428s]
  1980: cost x0.000 tau x0.927 -> E 0.7656 (target 0.7816369551642391) gap 0.7809 (target 0.773)  [3465s]
1980: cost x0.000, tau_w 0.712, |resid| 0.0229 after 20 evaluations
### Cohort accounting, refined: cost scale and tau_w solved jointly for employment and the wage gap

| cohort | 1940 | 1950 | 1960 | 1970 | 1980 |
|---|---|---|---|---|---|
| cost scale | 1.000 | 0.256 | 0.000 (corner) | 0.000 (corner) | 0.000 (corner) |
| tau_w | 0.775 | 0.756 | 0.758 | 0.715 | 0.712 |
| E/pop target | 0.6816 | 0.7316 | 0.7716 | 0.7916 | 0.7816 | (relative)
| gamma_e | 0.500 | 0.550 | 0.580 | 0.680 | 0.690 |
| E/pop | 0.6816 | 0.7316 | 0.7653 | 0.7589 | 0.7593 |
| hours|E | 0.4093 | 0.4323 | 0.4509 | 0.4534 | 0.4537 |
| quit/m exp | 0.0357 | 0.0277 | 0.0221 | 0.0234 | 0.0233 |
| quit/m rec | 0.0270 | 0.0211 | 0.0169 | 0.0179 | 0.0180 |
| E->nonE/m exp | 0.0551 | 0.0471 | 0.0415 | 0.0428 | 0.0427 |
| E->nonE/m rec | 0.0485 | 0.0426 | 0.0384 | 0.0395 | 0.0395 |
| dE/pop rec-exp (pts) | -1.6678 | -1.9347 | -2.0000 | -2.1550 | -2.1966 |
| wife share exp | 0.3210 | 0.3602 | 0.3895 | 0.3899 | 0.3907 |
| wife share rec | 0.3376 | 0.3759 | 0.4045 | 0.4046 | 0.4053 |
| wage gap (hourly ratio) | 0.7124 | 0.7424 | 0.7732 | 0.7708 | 0.7719 |
| share Lifecycle | 0.2798 | 0.1831 | 0.1371 | 0.1263 | 0.1235 |
| share PT | 0.2815 | 0.2835 | 0.2694 | 0.2352 | 0.2346 |
| share Career | 0.1758 | 0.3092 | 0.4050 | 0.4302 | 0.4327 |
| share NiLF | 0.2629 | 0.2242 | 0.1885 | 0.2083 | 0.2092 |
| cons drop at H job loss exp (%) | -6.7609 | -6.5868 | -6.4470 | -6.4719 | -6.4431 |
| cons drop at H job loss rec (%) | -8.7096 | -8.4059 | -8.3869 | -8.3860 | -8.3855 |

Elapsed 3465s.

