1940 baseline: E 0.647 gap 0.735  [52s]
  1950: cost x1.500 tau x1.042 -> E 0.6528 (target 0.6974588979008047) gap 0.8152 (target 0.766)  [97s]
  1950: cost x1.760 tau x1.042 -> E 0.6352 (target 0.6974588979008047) gap 0.8132 (target 0.766)  [141s]
  1950: cost x1.500 tau x1.223 -> E 0.7463 (target 0.6974588979008047) gap 1.0581 (target 0.766)  [187s]
  1950: cost x0.513 tau x1.000 -> E 0.7095 (target 0.6974588979008047) gap 0.7808 (target 0.766)  [233s]
  1950: cost x0.620 tau x0.990 -> E 0.6925 (target 0.6974588979008047) gap 0.7650 (target 0.766)  [280s]
  1950: cost x0.563 tau x0.990 -> E 0.6987 (target 0.6974588979008047) gap 0.7670 (target 0.766)  [330s]
  1950: cost x0.573 tau x0.990 -> E 0.6975 (target 0.6974588979008047) gap 0.7664 (target 0.766)  [379s]
1950: cost x0.573, tau_w 0.776, |resid| 0.0000 after 7 evaluations
  1960: cost x1.500 tau x1.085 -> E 0.6838 (target 0.7374588979008047) gap 0.8913 (target 0.798)  [424s]
  1960: cost x1.760 tau x1.085 -> E 0.6693 (target 0.7374588979008047) gap 0.8892 (target 0.798)  [470s]
  1960: cost x1.500 tau x1.272 -> E 0.7837 (target 0.7374588979008047) gap 1.1610 (target 0.798)  [515s]
  1960: cost x0.000 tau x1.010 -> E 0.7743 (target 0.7374588979008047) gap 0.8224 (target 0.798)  [561s]
  1960: cost x0.346 tau x0.996 -> E 0.7317 (target 0.7374588979008047) gap 0.7992 (target 0.798)  [606s]
  1960: cost x0.253 tau x0.993 -> E 0.7390 (target 0.7374588979008047) gap 0.7976 (target 0.798)  [651s]
  1960: cost x0.272 tau x0.993 -> E 0.7372 (target 0.7374588979008047) gap 0.7973 (target 0.798)  [696s]
1960: cost x0.272, tau_w 0.779, |resid| 0.0005 after 7 evaluations
  1970: cost x1.500 tau x1.070 -> E 0.7038 (target 0.7574588979008047) gap 0.9476 (target 0.787)  [742s]
  1970: cost x1.760 tau x1.070 -> E 0.6874 (target 0.7574588979008047) gap 0.9442 (target 0.787)  [788s]
  1970: cost x1.500 tau x1.256 -> E 0.8009 (target 0.7574588979008047) gap 1.2316 (target 0.787)  [834s]
  1970: cost x0.000 tau x0.950 -> E 0.7680 (target 0.7574588979008047) gap 0.8140 (target 0.787)  [880s]
  1970: cost x0.000 tau x0.931 -> E 0.7532 (target 0.7574588979008047) gap 0.7903 (target 0.787)  [926s]
  1970: cost x0.000 tau x0.927 -> E 0.7506 (target 0.7574588979008047) gap 0.7853 (target 0.787)  [971s]
  1970: cost x0.000 tau x0.927 -> E 0.7509 (target 0.7574588979008047) gap 0.7856 (target 0.787)  [1017s]
  1970: cost x0.000 tau x1.092 -> E 0.8541 (target 0.7574588979008047) gap 0.9990 (target 0.787)  [1062s]
  1970: cost x0.000 tau x0.930 -> E 0.7529 (target 0.7574588979008047) gap 0.7895 (target 0.787)  [1107s]
  1970: cost x0.397 tau x0.930 -> E 0.7138 (target 0.7574588979008047) gap 0.7802 (target 0.787)  [1152s]
  1970: cost x0.000 tau x0.927 -> E 0.7510 (target 0.7574588979008047) gap 0.7859 (target 0.787)  [1197s]
  1970: cost x0.000 tau x1.091 -> E 0.8535 (target 0.7574588979008047) gap 0.9979 (target 0.787)  [1246s]
  1970: cost x0.033 tau x0.930 -> E 0.7492 (target 0.7574588979008047) gap 0.7886 (target 0.787)  [1292s]
  1970: cost x0.000 tau x0.930 -> E 0.7528 (target 0.7574588979008047) gap 0.7894 (target 0.787)  [1337s]
1970: cost x0.000, tau_w 0.730, |resid| 0.0068 after 14 evaluations
  1980: cost x1.500 tau x1.085 -> E 0.7121 (target 0.7474588979008047) gap 0.9756 (target 0.798)  [1382s]
  1980: cost x1.760 tau x1.085 -> E 0.6978 (target 0.7474588979008047) gap 0.9711 (target 0.798)  [1427s]
  1980: cost x1.500 tau x1.272 -> E 0.8101 (target 0.7474588979008047) gap 1.2698 (target 0.798)  [1472s]
  1980: cost x0.000 tau x0.950 -> E 0.7710 (target 0.7474588979008047) gap 0.8200 (target 0.798)  [1517s]
  1980: cost x0.000 tau x0.939 -> E 0.7630 (target 0.7474588979008047) gap 0.8063 (target 0.798)  [1563s]
  1980: cost x0.433 tau x0.933 -> E 0.7149 (target 0.7474588979008047) gap 0.7906 (target 0.798)  [1607s]
  1980: cost x0.074 tau x0.934 -> E 0.7500 (target 0.7474588979008047) gap 0.7987 (target 0.798)  [1653s]
  1980: cost x0.104 tau x0.933 -> E 0.7465 (target 0.7474588979008047) gap 0.7971 (target 0.798)  [1698s]
  1980: cost x0.096 tau x0.933 -> E 0.7475 (target 0.7474588979008047) gap 0.7975 (target 0.798)  [1743s]
1980: cost x0.096, tau_w 0.732, |resid| 0.0001 after 9 evaluations
### Cohort accounting, refined: cost scale and tau_w solved jointly for employment and the wage gap

| cohort | 1940 | 1950 | 1960 | 1970 | 1980 |
|---|---|---|---|---|---|
| cost scale | 1.000 | 0.573 | 0.272 | 0.000 (corner) | 0.096 |
| tau_w | 0.785 | 0.776 | 0.779 | 0.730 | 0.732 |
| E/pop target | 0.6475 | 0.6975 | 0.7375 | 0.7575 | 0.7475 | (relative)
| gamma_e | 0.500 | 0.550 | 0.580 | 0.680 | 0.690 |
| E/pop | 0.6475 | 0.6975 | 0.7372 | 0.7529 | 0.7475 |
| hours|E | 0.4227 | 0.4305 | 0.4412 | 0.4428 | 0.4451 |
| quit/m exp | 0.0338 | 0.0305 | 0.0268 | 0.0251 | 0.0257 |
| quit/m rec | 0.0254 | 0.0224 | 0.0199 | 0.0195 | 0.0199 |
| E->nonE/m exp | 0.0535 | 0.0502 | 0.0465 | 0.0448 | 0.0454 |
| E->nonE/m rec | 0.0439 | 0.0409 | 0.0385 | 0.0380 | 0.0384 |
| dE/pop rec-exp (pts) | -1.7174 | -2.2664 | -2.5247 | -2.6352 | -2.5092 |
| wife share exp | 0.3245 | 0.3574 | 0.3868 | 0.3924 | 0.3939 |
| wife share rec | 0.3266 | 0.3577 | 0.3853 | 0.3911 | 0.3947 |
| wage gap (hourly ratio) | 0.7354 | 0.7664 | 0.7973 | 0.7895 | 0.7975 |
| share Lifecycle | 0.2898 | 0.2346 | 0.1858 | 0.1077 | 0.1331 |
| share PT | 0.2335 | 0.2429 | 0.2525 | 0.2781 | 0.2415 |
| share Career | 0.1862 | 0.2737 | 0.3429 | 0.3902 | 0.3992 |
| share NiLF | 0.2904 | 0.2487 | 0.2188 | 0.2240 | 0.2263 |
| cons drop at H job loss exp (%) | -6.5250 | -6.2622 | -6.1657 | -6.1475 | -6.1264 |
| cons drop at H job loss rec (%) | -9.3117 | -9.0690 | -8.8503 | -8.8008 | -8.7792 |

Elapsed 1743s.

