1940 baseline: E 0.679 gap 0.737  [45s]
  1950: cost x1.500 tau x1.042 -> E 0.6906 (target 0.7291245829060169) gap 0.8122 (target 0.768)  [85s]
  1950: cost x1.760 tau x1.042 -> E 0.6699 (target 0.7291245829060169) gap 0.8084 (target 0.768)  [139s]
  1950: cost x1.500 tau x1.223 -> E 0.8080 (target 0.7291245829060169) gap 1.0546 (target 0.768)  [180s]
  1950: cost x0.675 tau x1.001 -> E 0.7311 (target 0.7291245829060169) gap 0.7825 (target 0.768)  [226s]
  1950: cost x0.593 tau x0.987 -> E 0.7287 (target 0.7291245829060169) gap 0.7691 (target 0.768)  [280s]
  1950: cost x0.580 tau x0.986 -> E 0.7294 (target 0.7291245829060169) gap 0.7683 (target 0.768)  [317s]
  1950: cost x0.584 tau x0.986 -> E 0.7290 (target 0.7291245829060169) gap 0.7683 (target 0.768)  [369s]
1950: cost x0.584, tau_w 0.780, |resid| 0.0001 after 7 evaluations
  1960: cost x1.500 tau x1.085 -> E 0.7311 (target 0.7691245829060168) gap 0.8880 (target 0.799)  [422s]
  1960: cost x1.760 tau x1.085 -> E 0.7120 (target 0.7691245829060168) gap 0.8833 (target 0.799)  [454s]
  1960: cost x1.500 tau x1.272 -> E 0.8342 (target 0.7691245829060168) gap 1.1612 (target 0.799)  [507s]
  1960: cost x0.434 tau x1.010 -> E 0.7797 (target 0.7691245829060168) gap 0.8233 (target 0.799)  [564s]
  1960: cost x0.461 tau x0.992 -> E 0.7604 (target 0.7691245829060168) gap 0.7997 (target 0.799)  [593s]
  1960: cost x0.311 tau x0.988 -> E 0.7758 (target 0.7691245829060168) gap 0.8007 (target 0.799)  [646s]
  1960: cost x0.372 tau x0.989 -> E 0.7691 (target 0.7691245829060168) gap 0.7995 (target 0.799)  [700s]
  1960: cost x0.371 tau x0.989 -> E 0.7691 (target 0.7691245829060168) gap 0.7994 (target 0.799)  [728s]
  1960: cost x0.370 tau x0.989 -> E 0.7692 (target 0.7691245829060168) gap 0.7994 (target 0.799)  [771s]
  1960: cost x0.371 tau x0.989 -> E 0.7691 (target 0.7691245829060168) gap 0.7994 (target 0.799)  [800s]
  1960: cost x0.371 tau x0.989 -> E 0.7691 (target 0.7691245829060168) gap 0.7994 (target 0.799)  [842s]
  1960: cost x0.370 tau x0.989 -> E 0.7691 (target 0.7691245829060168) gap 0.7994 (target 0.799)  [874s]
1960: cost x0.371, tau_w 0.782, |resid| 0.0000 after 12 evaluations
  1970: cost x1.500 tau x1.070 -> E 0.7496 (target 0.7891245829060168) gap 0.9426 (target 0.789)  [913s]
  1970: cost x1.760 tau x1.070 -> E 0.7316 (target 0.7891245829060168) gap 0.9371 (target 0.789)  [954s]
  1970: cost x1.500 tau x1.256 -> E 0.8446 (target 0.7891245829060168) gap 1.2340 (target 0.789)  [987s]
  1970: cost x0.062 tau x0.953 -> E 0.8180 (target 0.7891245829060168) gap 0.8284 (target 0.789)  [1030s]
  1970: cost x0.348 tau x0.929 -> E 0.7570 (target 0.7891245829060168) gap 0.7914 (target 0.789)  [1060s]
  1970: cost x0.000 tau x0.917 -> E 0.7968 (target 0.7891245829060168) gap 0.7846 (target 0.789)  [1104s]
  1970: cost x0.000 tau x0.922 -> E 0.8034 (target 0.7891245829060168) gap 0.7908 (target 0.789)  [1136s]
  1970: cost x0.349 tau x0.924 -> E 0.7519 (target 0.7891245829060168) gap 0.7847 (target 0.789)  [1178s]
  1970: cost x0.000 tau x1.076 -> E 0.8959 (target 0.7891245829060168) gap 0.9881 (target 0.789)  [1210s]
  1970: cost x0.000 tau x0.918 -> E 0.7971 (target 0.7891245829060168) gap 0.7853 (target 0.789)  [1251s]
  1970: cost x0.000 tau x0.918 -> E 0.7971 (target 0.7891245829060168) gap 0.7851 (target 0.789)  [1287s]
  1970: cost x0.000 tau x1.077 -> E 0.8962 (target 0.7891245829060168) gap 0.9888 (target 0.789)  [1323s]
1970: cost x0.000, tau_w 0.725, |resid| 0.0117 after 12 evaluations
  1980: cost x1.500 tau x1.085 -> E 0.7634 (target 0.7791245829060168) gap 0.9701 (target 0.799)  [1369s]
  1980: cost x1.760 tau x1.085 -> E 0.7437 (target 0.7791245829060168) gap 0.9656 (target 0.799)  [1404s]
  1980: cost x1.500 tau x1.272 -> E 0.8513 (target 0.7791245829060168) gap 1.2732 (target 0.799)  [1449s]
  1980: cost x0.577 tau x0.969 -> E 0.7651 (target 0.7791245829060168) gap 0.8391 (target 0.799)  [1476s]
  1980: cost x0.087 tau x0.930 -> E 0.7988 (target 0.7791245829060168) gap 0.8051 (target 0.799)  [1519s]
  1980: cost x0.321 tau x0.930 -> E 0.7645 (target 0.7791245829060168) gap 0.7998 (target 0.799)  [1550s]
  1980: cost x0.218 tau x0.928 -> E 0.7765 (target 0.7791245829060168) gap 0.8001 (target 0.799)  [1591s]
  1980: cost x0.194 tau x0.927 -> E 0.7801 (target 0.7791245829060168) gap 0.7992 (target 0.799)  [1628s]
  1980: cost x0.200 tau x0.927 -> E 0.7794 (target 0.7791245829060168) gap 0.7994 (target 0.799)  [1663s]
  1980: cost x0.203 tau x0.927 -> E 0.7790 (target 0.7791245829060168) gap 0.7995 (target 0.799)  [1707s]
  1980: cost x0.203 tau x0.927 -> E 0.7792 (target 0.7791245829060168) gap 0.7994 (target 0.799)  [1740s]
  1980: cost x0.203 tau x0.927 -> E 0.7792 (target 0.7791245829060168) gap 0.7994 (target 0.799)  [1783s]
  1980: cost x0.204 tau x0.927 -> E 0.7789 (target 0.7791245829060168) gap 0.7995 (target 0.799)  [1812s]
  1980: cost x0.203 tau x0.927 -> E 0.7791 (target 0.7791245829060168) gap 0.7995 (target 0.799)  [1856s]
  1980: cost x0.203 tau x0.927 -> E 0.7790 (target 0.7791245829060168) gap 0.7995 (target 0.799)  [1883s]
  1980: cost x0.203 tau x0.927 -> E 0.7792 (target 0.7791245829060168) gap 0.7994 (target 0.799)  [1927s]
1980: cost x0.203, tau_w 0.733, |resid| 0.0000 after 16 evaluations
### Cohort accounting, refined: cost scale and tau_w solved jointly for employment and the wage gap

| cohort | 1940 | 1950 | 1960 | 1970 | 1980 |
|---|---|---|---|---|---|
| cost scale | 1.000 | 0.584 | 0.371 | 0.000 (corner) | 0.203 |
| tau_w | 0.790 | 0.780 | 0.782 | 0.725 | 0.733 |
| E/pop target | 0.6791 | 0.7291 | 0.7691 | 0.7891 | 0.7791 | (relative)
| gamma_e | 0.500 | 0.550 | 0.580 | 0.680 | 0.690 |
| E/pop | 0.6791 | 0.7290 | 0.7691 | 0.7971 | 0.7791 |
| hours|E | 0.4096 | 0.4177 | 0.4275 | 0.4249 | 0.4271 |
| quit/m exp | 0.0353 | 0.0277 | 0.0215 | 0.0182 | 0.0207 |
| quit/m rec | 0.0242 | 0.0187 | 0.0143 | 0.0121 | 0.0139 |
| E->nonE/m exp | 0.0527 | 0.0452 | 0.0389 | 0.0356 | 0.0381 |
| E->nonE/m rec | 0.0497 | 0.0444 | 0.0399 | 0.0378 | 0.0395 |
| dE/pop rec-exp (pts) | -1.6702 | -2.1175 | -2.5408 | -3.2500 | -2.9573 |
| wife share exp | 0.3210 | 0.3512 | 0.3786 | 0.3835 | 0.3830 |
| wife share rec | 0.3395 | 0.3692 | 0.3957 | 0.3995 | 0.3995 |
| wage gap (hourly ratio) | 0.7371 | 0.7683 | 0.7994 | 0.7853 | 0.7995 |
| share Lifecycle | 0.2952 | 0.2360 | 0.1810 | 0.0652 | 0.1265 |
| share PT | 0.2681 | 0.2752 | 0.2748 | 0.3196 | 0.2725 |
| share Career | 0.1794 | 0.2817 | 0.3827 | 0.4631 | 0.4352 |
| share NiLF | 0.2573 | 0.2071 | 0.1615 | 0.1521 | 0.1658 |
| cons drop at H job loss exp (%) | -6.9240 | -6.6586 | -6.4024 | -6.3537 | -6.3666 |
| cons drop at H job loss rec (%) | -9.0886 | -8.7580 | -8.4457 | -8.4625 | -8.4164 |

Elapsed 1927s.

