base {'gap': -1.161, 'precaution': 0.311, 'hoarding': 0.438, 'both_off': 0.663, 'sdUE': 0.069, 'dE': -1.649, 'dE_acycH': -2.882, 'quit_rec': 0.023, 'E': 0.674} [128s]
job-finding fall in recessions (1 - lam_f ratio): precaution 0.295 hoarding 0.461 sdUE 0.0746 dE -1.81 [267s]
UI cut in recessions (1 - ui_rec_mult): precaution 0.324 hoarding 0.428 sdUE 0.0687 dE -1.53 [407s]
husband job-loss rate in recessions: precaution 0.333 hoarding 0.421 sdUE 0.0673 dE -1.48 [551s]
husband job-finding rate in recessions: precaution 0.294 hoarding 0.457 sdUE 0.0663 dE -1.71 [693s]
husband job-loss rate (both states): precaution 0.318 hoarding 0.418 sdUE 0.0687 dE -1.52 [828s]
UI replacement (both states): precaution 0.331 hoarding 0.450 sdUE 0.0665 dE -1.60 [961s]
wife own job loss in recessions (lam_u1): precaution 0.323 hoarding 0.439 sdUE 0.0729 dE -2.15 [1087s]
job-finding efficiency level (lam_f0): precaution 0.291 hoarding 0.465 sdUE 0.0645 dE -1.52 [1211s]
cost-shock sd (sd_kT): precaution 0.290 hoarding 0.474 sdUE 0.0712 dE -1.77 [1336s]
recession wage cut (1 - phi_rec): precaution 0.318 hoarding 0.420 sdUE 0.0678 dE -1.71 [1473s]
recession persistence (piz[1,1]): precaution nan hoarding nan sdUE nan dE +nan [1606s]
asset limit a_max: precaution 0.298 hoarding 0.444 sdUE 0.0675 dE -1.66 [1742s]
risk aversion gamma: precaution 0.315 hoarding 0.439 sdUE 0.0752 dE -1.10 [1839s]
# Sensitivity of the precaution / hoarding split (`output/final_calib_v4c_full.json`, +10% steps, parameters otherwise fixed)

Baseline: precaution 31%, hoarding 44%, both off 66%, quit gap -1.16 points, sd log UE 0.0686, recession employment drop -1.65 (-2.88 without cyclical husband risk).

Entries: change per +1% of the named quantity (shares in percentage points; quit gap and employment drop in percentage points of the rate; sd log UE in units).

| quantity perturbed | precaution share (pp) | hoarding share (pp) | quit gap (pp) | sd log UE | dE (pts) | dE acyc. husband (pts) | quit rec (pp) |
|---|---|---|---|---|---|---|---|
| job-finding fall in recessions (1 - lam_f ratio) | -0.16 | +0.24 | -0.005 | +0.0006 | -0.016 | -0.025 | -0.006 |
| UI cut in recessions (1 - ui_rec_mult) | +0.13 | -0.10 | -0.002 | +0.0000 | +0.012 | +0.000 | -0.003 |
| husband job-loss rate in recessions | +0.22 | -0.16 | -0.004 | -0.0001 | +0.017 | +0.000 | -0.005 |
| husband job-finding rate in recessions | -0.17 | +0.19 | +0.003 | -0.0002 | -0.006 | +0.000 | +0.005 |
| husband job-loss rate (both states) | +0.08 | -0.20 | -0.001 | +0.0000 | +0.013 | -0.008 | -0.009 |
| UI replacement (both states) | +0.20 | +0.12 | -0.004 | -0.0002 | +0.005 | +0.000 | +0.003 |
| wife own job loss in recessions (lam_u1) | +0.12 | +0.01 | +0.000 | +0.0004 | -0.050 | -0.048 | +0.003 |
| job-finding efficiency level (lam_f0) | -0.20 | +0.27 | -0.025 | -0.0004 | +0.013 | -0.022 | +0.033 |
| cost-shock sd (sd_kT) | -0.21 | +0.37 | -0.021 | +0.0003 | -0.012 | -0.032 | +0.036 |
| recession wage cut (1 - phi_rec) | +0.07 | -0.17 | +0.000 | -0.0001 | -0.006 | -0.005 | +0.003 |
| recession persistence (piz[1,1]) | +nan | +nan | +nan | +nan | +nan | +nan | -0.036 |
| asset limit a_max | -0.13 | +0.06 | -0.000 | -0.0001 | -0.001 | -0.001 | -0.002 |
| risk aversion gamma | +0.04 | +0.02 | -0.038 | +0.0007 | +0.055 | +0.004 | +0.029 |
