1940 baseline: E 0.663 gap 0.705  [79s]
  1950: cost x1.500 tau x1.042 -> E 0.6301 (target 0.67) gap 0.7941 (target 0.735)  [156s]
  1950: cost x1.760 tau x1.042 -> E 0.5900 (target 0.67) gap 0.8013 (target 0.735)  [235s]
  1950: cost x1.500 tau x1.223 -> E 0.7347 (target 0.67) gap 1.0150 (target 0.735)  [312s]
  1950: cost x1.095 tau x1.003 -> E 0.6682 (target 0.67) gap 0.7415 (target 0.735)  [392s]
  1950: cost x1.062 tau x0.998 -> E 0.6716 (target 0.67) gap 0.7354 (target 0.735)  [469s]
  1950: cost x1.071 tau x0.998 -> E 0.6694 (target 0.67) gap 0.7351 (target 0.735)  [546s]
  1950: cost x1.068 tau x0.998 -> E 0.6700 (target 0.67) gap 0.7351 (target 0.735)  [623s]
1950: cost x1.068, tau_w 0.749, |resid| 0.0001 after 7 evaluations
  1960: cost x1.500 tau x1.085 -> E 0.6692 (target 0.71) gap 0.8624 (target 0.765)  [702s]
  1960: cost x1.760 tau x1.085 -> E 0.6319 (target 0.71) gap 0.8698 (target 0.765)  [777s]
  1960: cost x1.500 tau x1.272 -> E 0.7637 (target 0.71) gap 1.1127 (target 0.765)  [855s]
  1960: cost x0.998 tau x1.022 -> E 0.7117 (target 0.71) gap 0.7810 (target 0.765)  [932s]
  1960: cost x0.965 tau x1.009 -> E 0.7075 (target 0.71) gap 0.7658 (target 0.765)  [1010s]
  1960: cost x0.944 tau x1.008 -> E 0.7105 (target 0.71) gap 0.7650 (target 0.765)  [1090s]
  1960: cost x0.946 tau x1.008 -> E 0.7099 (target 0.71) gap 0.7649 (target 0.765)  [1172s]
1960: cost x0.946, tau_w 0.757, |resid| 0.0001 after 7 evaluations
  1970: cost x1.500 tau x1.070 -> E 0.6964 (target 0.73) gap 0.9161 (target 0.755)  [1255s]
  1970: cost x1.760 tau x1.070 -> E 0.6573 (target 0.73) gap 0.9222 (target 0.755)  [1339s]
  1970: cost x1.500 tau x1.256 -> E 0.7880 (target 0.73) gap 1.1785 (target 0.755)  [1422s]
  1970: cost x0.932 tau x0.966 -> E 0.7194 (target 0.73) gap 0.7790 (target 0.755)  [1507s]
  1970: cost x0.789 tau x0.948 -> E 0.7312 (target 0.73) gap 0.7595 (target 0.755)  [1589s]
  1970: cost x0.782 tau x0.944 -> E 0.7292 (target 0.73) gap 0.7547 (target 0.755)  [1669s]
  1970: cost x0.778 tau x0.944 -> E 0.7302 (target 0.73) gap 0.7548 (target 0.755)  [1749s]
1970: cost x0.778, tau_w 0.709, |resid| 0.0002 after 7 evaluations
  1980: cost x1.500 tau x1.085 -> E 0.7072 (target 0.72) gap 0.9421 (target 0.765)  [1823s]
  1980: cost x1.760 tau x1.085 -> E 0.6702 (target 0.72) gap 0.9474 (target 0.765)  [1901s]
  1980: cost x1.500 tau x1.272 -> E 0.7957 (target 0.72) gap 1.2142 (target 0.765)  [1974s]
  1980: cost x1.027 tau x0.969 -> E 0.7106 (target 0.72) gap 0.7884 (target 0.765)  [2054s]
  1980: cost x0.894 tau x0.952 -> E 0.7200 (target 0.72) gap 0.7690 (target 0.765)  [2126s]
  1980: cost x0.879 tau x0.948 -> E 0.7201 (target 0.72) gap 0.7645 (target 0.765)  [2204s]
  1980: cost x0.881 tau x0.948 -> E 0.7200 (target 0.72) gap 0.7648 (target 0.765)  [2283s]
1980: cost x0.881, tau_w 0.712, |resid| 0.0000 after 7 evaluations
### Cohort accounting, refined: cost scale and tau_w solved jointly for employment and the wage gap

| cohort | 1940 | 1950 | 1960 | 1970 | 1980 |
|---|---|---|---|---|---|
| cost scale | 1.000 | 1.068 | 0.946 | 0.778 | 0.881 |
| tau_w | 0.751 | 0.749 | 0.757 | 0.709 | 0.712 |
| E/pop target | 0.6627 | 0.6700 | 0.7100 | 0.7300 | 0.7200 | (level)
| gamma_e | 0.500 | 0.550 | 0.580 | 0.680 | 0.690 |
| E/pop | 0.6627 | 0.6700 | 0.7099 | 0.7302 | 0.7200 |
| hours|E | 0.4228 | 0.4345 | 0.4466 | 0.4488 | 0.4517 |
| quit/m exp | 0.0235 | 0.0219 | 0.0181 | 0.0176 | 0.0178 |
| quit/m rec | 0.0173 | 0.0156 | 0.0130 | 0.0132 | 0.0133 |
| E->nonE/m exp | 0.0368 | 0.0352 | 0.0313 | 0.0308 | 0.0311 |
| E->nonE/m rec | 0.0325 | 0.0308 | 0.0283 | 0.0285 | 0.0286 |
| dE/pop rec-exp (pts) | -1.6247 | -1.6877 | -1.5923 | -1.6853 | -1.6799 |
| wife share exp | 0.3227 | 0.3400 | 0.3687 | 0.3750 | 0.3759 |
| wife share rec | 0.3217 | 0.3397 | 0.3679 | 0.3742 | 0.3754 |
| wage gap (hourly ratio) | 0.7052 | 0.7351 | 0.7649 | 0.7548 | 0.7648 |
| share Lifecycle | 0.3017 | 0.3075 | 0.2952 | 0.2571 | 0.2742 |
| share PT | 0.2665 | 0.2437 | 0.2608 | 0.2677 | 0.2508 |
| share Career | 0.1892 | 0.2131 | 0.2579 | 0.2996 | 0.2904 |
| share NiLF | 0.2427 | 0.2356 | 0.1860 | 0.1756 | 0.1846 |
| cons drop at H job loss exp (%) | -7.3311 | -7.1238 | -6.8264 | -6.7875 | -6.7397 |
| cons drop at H job loss rec (%) | -10.1240 | -9.8833 | -9.6040 | -9.6011 | -9.6330 |

Elapsed 2283s.

