1940 baseline: E 0.679 gap 0.737  [43s]
  1950: cost x1.500 tau x1.042 -> E 0.6906 (target 0.67) gap 0.8122 (target 0.768)  [79s]
  1950: cost x1.760 tau x1.042 -> E 0.6699 (target 0.67) gap 0.8084 (target 0.768)  [114s]
  1950: cost x1.500 tau x1.223 -> E 0.8080 (target 0.67) gap 1.0546 (target 0.768)  [157s]
  1950: cost x1.490 tau x1.009 -> E 0.6615 (target 0.67) gap 0.7722 (target 0.768)  [187s]
  1950: cost x1.325 tau x1.004 -> E 0.6722 (target 0.67) gap 0.7689 (target 0.768)  [230s]
  1950: cost x1.348 tau x1.004 -> E 0.6700 (target 0.67) gap 0.7681 (target 0.768)  [259s]
  1950: cost x1.349 tau x1.004 -> E 0.6699 (target 0.67) gap 0.7683 (target 0.768)  [304s]
1950: cost x1.349, tau_w 0.794, |resid| 0.0001 after 7 evaluations
  1960: cost x1.500 tau x1.085 -> E 0.7311 (target 0.71) gap 0.8880 (target 0.799)  [331s]
  1960: cost x1.760 tau x1.085 -> E 0.7120 (target 0.71) gap 0.8833 (target 0.799)  [374s]
  1960: cost x1.500 tau x1.272 -> E 0.8342 (target 0.71) gap 1.1612 (target 0.799)  [408s]
  1960: cost x1.317 tau x1.021 -> E 0.6982 (target 0.71) gap 0.8098 (target 0.799)  [445s]
  1960: cost x1.031 tau x1.009 -> E 0.7125 (target 0.71) gap 0.8010 (target 0.799)  [485s]
  1960: cost x1.056 tau x1.008 -> E 0.7101 (target 0.71) gap 0.7991 (target 0.799)  [518s]
  1960: cost x1.059 tau x1.009 -> E 0.7100 (target 0.71) gap 0.7994 (target 0.799)  [563s]
1960: cost x1.059, tau_w 0.797, |resid| 0.0000 after 7 evaluations
  1970: cost x1.500 tau x1.070 -> E 0.7496 (target 0.73) gap 0.9426 (target 0.789)  [592s]
  1970: cost x1.760 tau x1.070 -> E 0.7316 (target 0.73) gap 0.9371 (target 0.789)  [639s]
  1970: cost x1.500 tau x1.256 -> E 0.8446 (target 0.73) gap 1.2340 (target 0.789)  [670s]
  1970: cost x1.011 tau x0.966 -> E 0.7134 (target 0.73) gap 0.8127 (target 0.789)  [711s]
  1970: cost x0.512 tau x0.940 -> E 0.7460 (target 0.73) gap 0.7981 (target 0.789)  [746s]
  1970: cost x0.698 tau x0.937 -> E 0.7214 (target 0.73) gap 0.7870 (target 0.789)  [785s]
  1970: cost x0.623 tau x0.936 -> E 0.7291 (target 0.73) gap 0.7887 (target 0.789)  [822s]
  1970: cost x0.616 tau x0.937 -> E 0.7299 (target 0.73) gap 0.7892 (target 0.789)  [857s]
1970: cost x0.616, tau_w 0.740, |resid| 0.0003 after 8 evaluations
  1980: cost x1.500 tau x1.085 -> E 0.7634 (target 0.72) gap 0.9701 (target 0.799)  [901s]
  1980: cost x1.760 tau x1.085 -> E 0.7437 (target 0.72) gap 0.9656 (target 0.799)  [934s]
  1980: cost x1.500 tau x1.272 -> E 0.8513 (target 0.72) gap 1.2732 (target 0.799)  [980s]
  1980: cost x1.413 tau x0.978 -> E 0.6921 (target 0.72) gap 0.8242 (target 0.799)  [1003s]
  1980: cost x0.793 tau x0.952 -> E 0.7266 (target 0.72) gap 0.8088 (target 0.799)  [1050s]
  1980: cost x0.820 tau x0.945 -> E 0.7177 (target 0.72) gap 0.7985 (target 0.799)  [1083s]
  1980: cost x0.794 tau x0.945 -> E 0.7208 (target 0.72) gap 0.7998 (target 0.799)  [1128s]
  1980: cost x0.801 tau x0.945 -> E 0.7202 (target 0.72) gap 0.7993 (target 0.799)  [1148s]
  1980: cost x0.809 tau x0.945 -> E 0.7193 (target 0.72) gap 0.7996 (target 0.799)  [1196s]
  1980: cost x0.803 tau x0.945 -> E 0.7199 (target 0.72) gap 0.7994 (target 0.799)  [1222s]
  1980: cost x0.802 tau x0.945 -> E 0.7202 (target 0.72) gap 0.7994 (target 0.799)  [1269s]
  1980: cost x0.803 tau x0.945 -> E 0.7202 (target 0.72) gap 0.7994 (target 0.799)  [1298s]
1980: cost x0.803, tau_w 0.747, |resid| 0.0001 after 12 evaluations
### Cohort accounting, refined: cost scale and tau_w solved jointly for employment and the wage gap

| cohort | 1940 | 1950 | 1960 | 1970 | 1980 |
|---|---|---|---|---|---|
| cost scale | 1.000 | 1.349 | 1.059 | 0.616 | 0.803 |
| tau_w | 0.790 | 0.794 | 0.797 | 0.740 | 0.747 |
| E/pop target | 0.6791 | 0.6700 | 0.7100 | 0.7300 | 0.7200 | (level)
| gamma_e | 0.500 | 0.550 | 0.580 | 0.680 | 0.690 |
| E/pop | 0.6791 | 0.6699 | 0.7100 | 0.7299 | 0.7199 |
| hours|E | 0.4096 | 0.4161 | 0.4255 | 0.4206 | 0.4232 |
| quit/m exp | 0.0353 | 0.0354 | 0.0289 | 0.0278 | 0.0287 |
| quit/m rec | 0.0242 | 0.0240 | 0.0199 | 0.0194 | 0.0199 |
| E->nonE/m exp | 0.0527 | 0.0528 | 0.0463 | 0.0452 | 0.0462 |
| E->nonE/m rec | 0.0497 | 0.0496 | 0.0455 | 0.0451 | 0.0455 |
| dE/pop rec-exp (pts) | -1.6702 | -1.5680 | -1.9123 | -2.5123 | -2.2310 |
| wife share exp | 0.3210 | 0.3299 | 0.3567 | 0.3606 | 0.3610 |
| wife share rec | 0.3395 | 0.3488 | 0.3753 | 0.3781 | 0.3795 |
| wage gap (hourly ratio) | 0.7371 | 0.7683 | 0.7994 | 0.7892 | 0.7994 |
| share Lifecycle | 0.2952 | 0.3256 | 0.3067 | 0.2229 | 0.2537 |
| share PT | 0.2681 | 0.2308 | 0.2350 | 0.2465 | 0.2327 |
| share Career | 0.1794 | 0.1831 | 0.2458 | 0.3137 | 0.2935 |
| share NiLF | 0.2573 | 0.2604 | 0.2125 | 0.2169 | 0.2200 |
| cons drop at H job loss exp (%) | -6.9240 | -6.7968 | -6.5041 | -6.5634 | -6.5183 |
| cons drop at H job loss rec (%) | -9.0886 | -8.9639 | -8.5922 | -8.6501 | -8.5843 |

Elapsed 1298s.

