### Supplementary experiments sized to the 1970s employment rate (0.73)

| moment | baseline | child-care cost x0.53 | all costs x0.63 |
|---|---|---|---|
| E/pop | 0.6791 | 0.7293 | 0.7292 |
| hours|E | 0.4096 | 0.4228 | 0.4141 |
| U rate | 0.0482 | 0.0511 | 0.0488 |
| quit/m exp | 0.0353 | 0.0267 | 0.0279 |
| quit/m rec | 0.0242 | 0.0183 | 0.0188 |
| E->nonE/m exp | 0.0527 | 0.0441 | 0.0454 |
| E->nonE/m rec | 0.0497 | 0.0439 | 0.0445 |
| dE/pop rec-exp (pts) | -1.6702 | -2.4151 | -2.3276 |
| wife share exp | 0.3210 | 0.3551 | 0.3463 |
| wife share rec | 0.3395 | 0.3721 | 0.3641 |
| wage gap (hourly ratio) | 0.7371 | 0.7679 | 0.7576 |
| share Lifecycle | 0.2952 | 0.1394 | 0.2121 |
| share PT | 0.2681 | 0.2729 | 0.2971 |
| share Career | 0.1794 | 0.3660 | 0.2767 |
| share NiLF | 0.2573 | 0.2217 | 0.2142 |
| cons drop at H job loss exp (%) | -6.9240 | -6.5130 | -6.6995 |
| cons drop at H job loss rec (%) | -9.0886 | -8.7261 | -8.8431 |
| mean assets/monthly HH inc | 1.9149 | 1.9407 | 1.9365 |

Elapsed 482s.

